git config --global user.name "shubham pawar"
git config --global user.email "shubh1200150@gmail.com"
git config --global core.editor Vim
>git config --global color.ui true
git gui

This is right
C:\Users\Admin>cd G:\Movies\IET_videos\SW_Methodology\Git_repository
C:\Users\Admin>g:
G:\Movies\IET_videos\SW_Methodology\Git_repository>git init
Initialized empty Git repository in G:/Movies/IET_videos/SW_Methodology/Git_repository/.git/

G:\Movies\IET_videos\SW_Methodology\Git_repository>

This I did before
//C:\Users\Admin>cd G:\Movies\IET_videos\SW_Methodology\Git_repository

//C:\Users\Admin>git init
//Initialized empty Git repository in C:/Users/Admin/.git/


git add test1.txt
git status


git rm --cached Resume_07_01_2022_07_19_25_pm.pdf

git add *.txt	//add files in that folder having .txt extension





	
G:\Movies\IET_videos\SW_Methodology\demo1>git reset test3.txt 	////remove the file test3.txt from demo1

G:\Movies\IET_videos\SW_Methodology\demo1>git status
On branch master

No commits yet

Changes to be committed:
  (use "git rm --cached <file>..." to unstage)
        new file:   test4.txt

Untracked files:
  (use "git add <file>..." to include in what will be committed)
        DT20219446734_Application.pdf
        Resume_07_01_2022_07_19_25_pm.pdf
        aaa.xlsx
        test3.txt



git commit -m "first Commit"          //"first Commit"  just a simple message to tell what u r doing. This message is must

git log	
commit 1e2dfe4e0bd8732260160d966fc8d74cc2ee6116		//Commit id








Microsoft Windows [Version 10.0.19043.1415]
(c) Microsoft Corporation. All rights reserved.

C:\Users\Admin>git config --global user.name "shubham pawar"

C:\Users\Admin>git config --global user.email "shubh1200150@gmail.com"

C:\Users\Admin>git config --global core.editor Vim

C:\Users\Admin>git config --list
diff.astextplain.textconv=astextplain
filter.lfs.clean=git-lfs clean -- %f
filter.lfs.smudge=git-lfs smudge -- %f
filter.lfs.process=git-lfs filter-process
filter.lfs.required=true
http.sslbackend=openssl
http.sslcainfo=C:/Program Files/Git/mingw64/ssl/certs/ca-bundle.crt
core.autocrlf=true
core.fscache=true
core.symlinks=false
pull.rebase=false
credential.helper=manager-core
credential.https://dev.azure.com.usehttppath=true
init.defaultbranch=master
user.name=shubham pawar
user.email=shubh1200150@gmail.com
core.editor=Vim

C:\Users\Admin>git config --global color.ui true

C:\Users\Admin>git gui

C:\Users\Admin>cd G:\Movies\IET_videos\SW_Methodology\Git_repository

C:\Users\Admin>git init
Initialized empty Git repository in C:/Users/Admin/.git/

C:\Users\Admin>cd G:\Movies\IET_videos\SW_Methodology\Git_repository

C:\Users\Admin>g:

G:\Movies\IET_videos\SW_Methodology\Git_repository>git init
Initialized empty Git repository in G:/Movies/IET_videos/SW_Methodology/Git_repository/.git/

G:\Movies\IET_videos\SW_Methodology\Git_repository>git add text1.txt
fatal: pathspec 'text1.txt' did not match any files

G:\Movies\IET_videos\SW_Methodology\Git_repository>git add test1.txt
fatal: pathspec 'test1.txt' did not match any files

G:\Movies\IET_videos\SW_Methodology\Git_repository>git add test1.txt

G:\Movies\IET_videos\SW_Methodology\Git_repository>git status
On branch master

No commits yet

Changes to be committed:
  (use "git rm --cached <file>..." to unstage)
        new file:   test1.txt


G:\Movies\IET_videos\SW_Methodology\Git_repository>git status
On branch master

No commits yet

Changes to be committed:
  (use "git rm --cached <file>..." to unstage)
        new file:   test1.txt

Untracked files:
  (use "git add <file>..." to include in what will be committed)
        test2.txt


G:\Movies\IET_videos\SW_Methodology\Git_repository>git add test2.txt

G:\Movies\IET_videos\SW_Methodology\Git_repository>git status
On branch master

No commits yet

Changes to be committed:
  (use "git rm --cached <file>..." to unstage)
        new file:   test1.txt
        new file:   test2.txt


G:\Movies\IET_videos\SW_Methodology\Git_repository>G:\Movies\IET_videos\SW_Methodology\demo1
'G:\Movies\IET_videos\SW_Methodology\demo1' is not recognized as an internal or external command,
operable program or batch file.

G:\Movies\IET_videos\SW_Methodology\Git_repository>cd G:\Movies\IET_videos\SW_Methodology\demo1

G:\Movies\IET_videos\SW_Methodology\demo1>git status
fatal: not a git repository (or any of the parent directories): .git

G:\Movies\IET_videos\SW_Methodology\demo1>git status
fatal: not a git repository (or any of the parent directories): .git

G:\Movies\IET_videos\SW_Methodology\demo1>git init
Initialized empty Git repository in G:/Movies/IET_videos/SW_Methodology/demo1/.git/

G:\Movies\IET_videos\SW_Methodology\demo1>git status
On branch master

No commits yet

Untracked files:
  (use "git add <file>..." to include in what will be committed)
        DT20219446734_Application.pdf
        Resume_07_01_2022_07_19_25_pm.pdf

nothing added to commit but untracked files present (use "git add" to track)

G:\Movies\IET_videos\SW_Methodology\demo1>git add .

G:\Movies\IET_videos\SW_Methodology\demo1>git status
On branch master

No commits yet

Changes to be committed:
  (use "git rm --cached <file>..." to unstage)
        new file:   DT20219446734_Application.pdf
        new file:   Resume_07_01_2022_07_19_25_pm.pdf


G:\Movies\IET_videos\SW_Methodology\demo1>git rm --cached DT20219446734_Application.pdf
rm 'DT20219446734_Application.pdf'

G:\Movies\IET_videos\SW_Methodology\demo1>git status
On branch master

No commits yet

Changes to be committed:
  (use "git rm --cached <file>..." to unstage)
        new file:   Resume_07_01_2022_07_19_25_pm.pdf

Untracked files:
  (use "git add <file>..." to include in what will be committed)
        DT20219446734_Application.pdf


G:\Movies\IET_videos\SW_Methodology\demo1>git rm --cached new file:   Resume_07_01_2022_07_19_25_pm.pdf
fatal: pathspec 'new' did not match any files

G:\Movies\IET_videos\SW_Methodology\demo1>git rm --cached Resume_07_01_2022_07_19_25_pm.pdf
rm 'Resume_07_01_2022_07_19_25_pm.pdf'

G:\Movies\IET_videos\SW_Methodology\demo1>git status
On branch master

No commits yet

Untracked files:
  (use "git add <file>..." to include in what will be committed)
        DT20219446734_Application.pdf
        Resume_07_01_2022_07_19_25_pm.pdf

nothing added to commit but untracked files present (use "git add" to track)

G:\Movies\IET_videos\SW_Methodology\demo1>git add .*txt
fatal: pathspec '.*txt' did not match any files

G:\Movies\IET_videos\SW_Methodology\demo1>git add *.txt

G:\Movies\IET_videos\SW_Methodology\demo1>git status
On branch master

No commits yet

Changes to be committed:
  (use "git rm --cached <file>..." to unstage)
        new file:   test3.txt
        new file:   test4.txt

Untracked files:
  (use "git add <file>..." to include in what will be committed)
        DT20219446734_Application.pdf
        Resume_07_01_2022_07_19_25_pm.pdf
        aaa.xlsx


G:\Movies\IET_videos\SW_Methodology\demo1>git reset variable .txt
fatal: ambiguous argument 'variable': unknown revision or path not in the working tree.
Use '--' to separate paths from revisions, like this:
'git <command> [<revision>...] -- [<file>...]'

G:\Movies\IET_videos\SW_Methodology\demo1>git reset variable.txt
fatal: ambiguous argument 'variable.txt': unknown revision or path not in the working tree.
Use '--' to separate paths from revisions, like this:
'git <command> [<revision>...] -- [<file>...]'

G:\Movies\IET_videos\SW_Methodology\demo1>git reset variable.txt
fatal: ambiguous argument 'variable.txt': unknown revision or path not in the working tree.
Use '--' to separate paths from revisions, like this:
'git <command> [<revision>...] -- [<file>...]'

G:\Movies\IET_videos\SW_Methodology\demo1>git reset test3.txt

G:\Movies\IET_videos\SW_Methodology\demo1>git status
On branch master

No commits yet

Changes to be committed:
  (use "git rm --cached <file>..." to unstage)
        new file:   test4.txt

Untracked files:
  (use "git add <file>..." to include in what will be committed)
        DT20219446734_Application.pdf
        Resume_07_01_2022_07_19_25_pm.pdf
        aaa.xlsx
        test3.txt


G:\Movies\IET_videos\SW_Methodology\demo1>git commit -m "first Commit"
[master (root-commit) 1e2dfe4] first Commit
 1 file changed, 0 insertions(+), 0 deletions(-)
 create mode 100644 test4.txt

G:\Movies\IET_videos\SW_Methodology\demo1>git log
commit 1e2dfe4e0bd8732260160d966fc8d74cc2ee6116 (HEAD -> master)
Author: shubham pawar <shubh1200150@gmail.com>
Date:   Wed Jan 12 12:36:24 2022 +0530

    first Commit

G:\Movies\IET_videos\SW_Methodology\demo1>